--- log truncated for git size (original lines=  130579) ---
=== HEAD ===
2026-08-05T13:24:53.216967Z  INFO bot.metrics: Prometheus /metrics endpoint listening bind=127.0.0.1:9464
2026-08-05T13:24:53.217103Z  INFO bot: starting multi-protocol bot protocols=agni-v2,agni-v3,moe offline=false once=false watch=true
2026-08-05T13:24:53.217132Z  INFO service.config: Using WebSocket endpoint protocol="v3.config" expected_chain_id=5000 source="MANTLE_RPC_WS_URL"
2026-08-05T13:24:53.217144Z  INFO service.config: Using HTTP endpoint protocol="v3.config" expected_chain_id=5000 source="MANTLE_RPC_URL"
2026-08-05T13:24:53.217150Z  INFO service.config: Using executor address protocol="v3.config" executor=0xDC9A6B8f7756860c0caC3e3573587D2CF9d0A4bF source="ARBITRAGE_EXECUTOR_ADDRESS"
2026-08-05T13:24:53.217165Z  INFO bot.live: building production HTTP provider with throttle/retry/timeout layers throttle_rps=8 max_retries=12 initial_backoff_ms=200 request_timeout_ms=30000 expected_chain_id=5000 http_source="MANTLE_RPC_URL" ws_source="MANTLE_RPC_WS_URL"
2026-08-05T13:24:54.244633Z  INFO bot.live: connected HTTP provider chain_id=5000 expected_chain_id=5000 http_source="MANTLE_RPC_URL"
2026-08-05T13:24:58.149510Z  INFO bot.live: connected WS provider chain_id=5000 expected_chain_id=5000 ws_source="MANTLE_RPC_WS_URL"
2026-08-05T13:24:58.396492Z  INFO bot.live: settlement asset validated against gas asset and executor.WMNT() settlement=0x78c1b0C915c4FAA5FffA6CAbf0219DA63d7f4cb8
2026-08-05T13:24:58.452797Z  INFO bot.live: shadow ledger context ready ledger=evidence/shadow/candidate-window-lowtvl/ledger.jsonl service="bot"
2026-08-05T13:24:58.872267Z  INFO bot.live: loaded unified pool universe path=data/lowtvl/pool_universe.csv pool_count=64 snapshot_block=Some(98902895) fingerprint=0x174934758059542107f46456e44c65ab332c370f3902b00bd077f6fa2cf114e3
2026-08-05T13:24:58.872355Z  INFO bot.live: syncing merged multi-protocol state space (frozen universe; no factory discovery) amms=64
2026-08-05T13:26:07.782320Z ERROR alloy_transport_ws::native: WS server missed a pong
2026-08-05T13:28:47.059886Z  INFO bot.live: synced pool state pools=64
2026-08-05T13:28:47.568107Z  WARN simulate.path: Simulation failed to compute profit (underflow) final_output=496986824006244720 input_amount=500000000000000000
2026-08-05T13:28:47.568157Z  WARN simulate.path: Simulation failed to compute profit (underflow) final_output=248522698359238751 input_amount=249999999999999999
2026-08-05T13:28:47.568171Z  WARN simulate.path: Simulation failed to compute profit (underflow) final_output=124267109150686663 input_amount=124999999999999999
2026-08-05T13:28:47.568184Z  WARN simulate.path: Simulation failed to compute profit (underflow) final_output=62134056864601992 input_amount=62499999999999999
2026-08-05T13:28:47.568195Z  WARN simulate.path: Simulation failed to compute profit (underflow) final_output=31066216171331142 input_amount=31249999999999999
2026-08-05T13:28:47.568206Z  WARN simulate.path: Simulation failed to compute profit (underflow) final_output=15533217622379463 input_amount=15624999999999999
2026-08-05T13:28:47.568218Z  WARN simulate.path: Simulation failed to compute profit (underflow) final_output=7765385735375224 input_amount=7812499999999999
2026-08-05T13:28:47.568230Z  WARN simulate.path: Simulation failed to compute profit (underflow) final_output=3881449246944119 input_amount=3906249999999999
2026-08-05T13:28:47.568241Z  WARN simulate.path: Simulation failed to compute profit (underflow) final_output=1940726333361899 input_amount=1953124999999999
2026-08-05T13:28:47.568253Z  WARN simulate.path: Simulation failed to compute profit (underflow) final_output=970363594153974 input_amount=976562499999999
2026-08-05T13:28:47.568265Z  WARN simulate.path: Simulation failed to compute profit (underflow) final_output=485181903945314 input_amount=488281249999999
2026-08-05T13:28:47.568276Z  WARN simulate.path: Simulation failed to compute profit (underflow) final_output=242590978689747 input_amount=244140624999999
2026-08-05T13:28:47.568286Z  WARN simulate.path: Simulation failed to compute profit (underflow) final_output=120045027061119 input_amount=122070312499999
2026-08-05T13:28:47.568320Z  WARN simulate.path: Simulation failed to compute profit (underflow) final_output=57521577099513 input_amount=61035156249999
2026-08-05T13:28:47.568330Z  WARN simulate.path: Simulation failed to compute profit (underflow) final_output=27510319857193 input_amount=30517578124999
2026-08-05T13:28:47.568338Z  WARN simulate.path: Simulation failed to compute profit (underflow) final_output=12504690929364 input_amount=15258789062499
2026-08-05T13:28:47.568415Z  WARN simulate.path: Simulation failed to compute profit (underflow) final_output=487219772059215 input_amount=488281249999999
2026-08-05T13:28:47.568427Z  WARN simulate.path: Simulation failed to compute profit (underflow) final_output=242360646052354 input_amount=244140624999999
2026-08-05T13:28:47.568435Z  WARN simulate.path: Simulation failed to compute profit (underflow) final_output=119931051610956 input_amount=122070312499999
2026-08-05T13:28:47.568443Z  WARN simulate.path: Simulation failed to compute profit (underflow) final_output=57466964739876 input_amount=61035156249999
2026-08-05T13:28:47.568452Z  WARN simulate.path: Simulation failed to compute profit (underflow) final_output=27484201103890 input_amount=30517578124999
2026-08-05T13:28:47.568460Z  WARN simulate.path: Simulation failed to compute profit (underflow) final_output=12492818814523 input_amount=15258789062499
2026-08-05T13:28:47.568642Z  WARN simulate.path: Simulation failed to compute profit (underflow) final_output=243469351700598 input_amount=244140624999999
2026-08-05T13:28:47.568654Z  WARN simulate.path: Simulation failed to compute profit (underflow) final_output=120479718526957 input_amount=122070312499999
2026-08-05T13:28:47.568662Z  WARN simulate.path: Simulation failed to compute profit (underflow) final_output=57729874743820 input_amount=61035156249999
2026-08-05T13:28:47.568671Z  WARN simulate.path: Simulation failed to compute profit (underflow) final_output=27609942302443 input_amount=30517578124999
2026-08-05T13:28:47.568680Z  WARN simulate.path: Simulation failed to compute profit (underflow) final_output=12549974275559 input_amount=15258789062499
2026-08-05T13:28:47.568698Z  WARN simulate.path: Simulation failed to compute profit (underflow) final_output=497807048937053363 input_amount=500000000000000000
2026-08-05T13:28:47.568708Z  WARN simulate.path: Simulation failed to compute profit (underflow) final_output=248944812318691030 input_amount=249999999999999999
2026-08-05T13:28:47.568717Z  WARN simulate.path: Simulation failed to compute profit (underflow) final_output=124482730705604641 input_amount=124999999999999999
2026-08-05T13:28:47.568727Z  WARN simulate.path: Simulation failed to compute profit (underflow) final_output=62243946810520587 input_amount=62499999999999999
2026-08-05T13:28:47.568734Z  WARN simulate.path: Simulation failed to compute profit (underflow) final_output=31122618809839219 input_amount=31249999999999999
2026-08-05T13:28:47.568742Z  WARN simulate.path: Simulation failed to compute profit (underflow) final_output=15561470761081775 input_amount=15624999999999999
2026-08-05T13:28:47.568751Z  WARN simulate.path: Simulation failed to compute profit (underflow) final_output=7780775720207104 input_amount=7812499999999999
2026-08-05T13:28:47.568760Z  WARN simulate.path: Simulation failed to compute profit (underflow) final_output=3890397945099117 input_amount=3906249999999999
2026-08-05T13:28:47.568770Z  WARN simulate.path: Simulation failed to compute profit (underflow) final_output=1945201493805927 input_amount=1953124999999999
2026-08-05T13:28:47.568778Z  WARN simulate.path: Simulation failed to compute profit (underflow) final_output=972601377214209 input_amount=976562499999999
2026-08-05T13:28:47.568785Z  WARN simulate.path: Simulation failed to compute profit (underflow) final_output=486300846181580 input_amount=488281249999999
2026-08-05T13:28:47.568794Z  WARN simulate.path: Simulation failed to compute profit (underflow) final_output=243150462485591 input_amount=244140624999999
2026-08-05T13:28:47.568802Z  WARN simulate.path: Simulation failed to compute profit (underflow) final_output=121575241091498 input_amount=122070312499999
2026-08-05T13:28:47.568820Z  WARN simulate.path: Simulation failed to compute profit (underflow) final_output=60787623005598 input_amount=61035156249999
2026-08-05T13:28:47.568827Z  WARN simulate.path: Simulation failed to compute profit (underflow) final_output=30393812116017 input_amount=30517578124999
2026-08-05T13:28:47.568836Z  WARN simulate.path: Simulation failed to compute profit (underflow) final_output=15196906207241 input_amount=15258789062499
2026-08-05T13:28:47.568851Z  WARN simulate.path: Simulation failed to compute profit (underflow) final_output=499290989240001201 input_amount=500000000000000000
2026-08-05T13:28:47.568861Z  WARN simulate.path: Simulation failed to compute profit (underflow) final_output=249746429443146186 input_amount=249999999999999999
2026-08-05T13:28:47.568870Z  WARN simulate.path: Simulation failed to compute profit (underflow) final_output=124898463742043008 input_amount=124999999999999999
2026-08-05T13:28:47.568878Z  WARN simulate.path: Simulation failed to compute profit (underflow) final_output=62455546048947075 input_amount=62499999999999999
2026-08-05T13:28:47.568887Z  WARN simulate.path: Simulation failed to compute profit (underflow) final_output=31229351816511304 input_amount=31249999999999999
2026-08-05T13:28:47.568895Z  WARN simulate.path: Simulation failed to compute profit (underflow) final_output=15615070640097487 input_amount=15624999999999999
2026-08-05T13:28:47.568903Z  WARN simulate.path: Simulation failed to compute profit (underflow) final_output=7807634006785524 input_amount=7812499999999999
2026-08-05T13:28:47.568912Z  WARN simulate.path: Simulation failed to compute profit (underflow) final_output=3903841675542985 input_amount=3906249999999999
2026-08-05T13:28:47.568920Z  WARN simulate.path: Simulation failed to compute profit (underflow) final_output=1951927005868104 input_amount=1953124999999999
2026-08-05T13:28:47.568929Z  WARN simulate.path: Simulation failed to compute profit (underflow) final_output=975965044963184 input_amount=976562499999999
2026-08-05T13:28:47.568936Z  WARN simulate.path: Simulation failed to compute profit (underflow) final_output=487982907985711 input_amount=488281249999999
2026-08-05T13:28:47.568952Z  WARN simulate.path: Simulation failed to compute profit (underflow) final_output=243991550370165 input_amount=244140624999999
2026-08-05T13:28:47.568961Z  WARN simulate.path: Simulation failed to compute profit (underflow) final_output=121995799277094 input_amount=122070312499999
2026-08-05T13:28:47.568968Z  WARN simulate.path: Simulation failed to compute profit (underflow) final_output=60997905657474 input_amount=61035156249999
2026-08-05T13:28:47.568976Z  WARN simulate.path: Simulation failed to compute profit (underflow) final_output=30498954332304 input_amount=30517578124999
2026-08-05T13:28:47.568985Z  WARN simulate.path: Simulation failed to compute profit (underflow) final_output=15249477537967 input_amount=15258789062499
2026-08-05T13:28:47.568998Z  WARN simulate.path: Simulation failed to compute profit (underflow) final_output=492985327506553577 input_amount=500000000000000000
2026-08-05T13:28:47.569006Z  WARN simulate.path: Simulation failed to compute profit (underflow) final_output=247256423472270747 input_amount=249999999999999999
2026-08-05T13:28:47.569015Z  WARN simulate.path: Simulation failed to compute profit (underflow) final_output=123820091795998020 input_amount=124999999999999999
2026-08-05T13:28:47.569023Z  WARN simulate.path: Simulation failed to compute profit (underflow) final_output=61958127679172158 input_amount=62499999999999999
2026-08-05T13:28:47.569031Z  WARN simulate.path: Simulation failed to compute profit (underflow) final_output=30991098293647623 input_amount=31249999999999999
2026-08-05T13:28:47.569039Z  WARN simulate.path: Simulation failed to compute profit (underflow) final_output=15498559513811750 input_amount=15624999999999999
2026-08-05T13:28:47.569047Z  WARN simulate.path: Simulation failed to compute profit (underflow) final_output=7750032567983060 input_amount=7812499999999999
=== TAIL ===
2026-08-05T13:55:55.342168Z  WARN simulate.path: Simulation failed to compute profit (underflow) final_output=6264626376890883 input_amount=7812499999999999
2026-08-05T13:55:55.342178Z  WARN simulate.path: Simulation failed to compute profit (underflow) final_output=3131410199305133 input_amount=3906249999999999
2026-08-05T13:55:55.342185Z  WARN simulate.path: Simulation failed to compute profit (underflow) final_output=1563683790544922 input_amount=1953124999999999
2026-08-05T13:55:55.342192Z  WARN simulate.path: Simulation failed to compute profit (underflow) final_output=779797479125319 input_amount=976562499999999
2026-08-05T13:55:55.342199Z  WARN simulate.path: Simulation failed to compute profit (underflow) final_output=389900645139163 input_amount=488281249999999
2026-08-05T13:55:55.342205Z  WARN simulate.path: Simulation failed to compute profit (underflow) final_output=192898690252105 input_amount=244140624999999
2026-08-05T13:55:55.342212Z  WARN simulate.path: Simulation failed to compute profit (underflow) final_output=94397347951015 input_amount=122070312499999
2026-08-05T13:55:55.342219Z  WARN simulate.path: Simulation failed to compute profit (underflow) final_output=45146585580432 input_amount=61035156249999
2026-08-05T13:55:55.342226Z  WARN simulate.path: Simulation failed to compute profit (underflow) final_output=20521181598254 input_amount=30517578124999
2026-08-05T13:55:55.342233Z  WARN simulate.path: Simulation failed to compute profit (underflow) final_output=8208473901516 input_amount=15258789062499
2026-08-05T13:55:55.342243Z  WARN simulate.path: Simulation failed to compute profit (underflow) final_output=402137176213698473 input_amount=500000000000000000
2026-08-05T13:55:55.342251Z  WARN simulate.path: Simulation failed to compute profit (underflow) final_output=201186019068067711 input_amount=249999999999999999
2026-08-05T13:55:55.342259Z  WARN simulate.path: Simulation failed to compute profit (underflow) final_output=100621852226261773 input_amount=124999999999999999
2026-08-05T13:55:55.342266Z  WARN simulate.path: Simulation failed to compute profit (underflow) final_output=50318136786186123 input_amount=62499999999999999
2026-08-05T13:55:55.342273Z  WARN simulate.path: Simulation failed to compute profit (underflow) final_output=25161128585392898 input_amount=31249999999999999
2026-08-05T13:55:55.342280Z  WARN simulate.path: Simulation failed to compute profit (underflow) final_output=12579534196543046 input_amount=15624999999999999
2026-08-05T13:55:55.342288Z  WARN simulate.path: Simulation failed to compute profit (underflow) final_output=6289767098266877 input_amount=7812499999999999
2026-08-05T13:55:55.342295Z  WARN simulate.path: Simulation failed to compute profit (underflow) final_output=3143853452980035 input_amount=3906249999999999
2026-08-05T13:55:55.342302Z  WARN simulate.path: Simulation failed to compute profit (underflow) final_output=1569866534185534 input_amount=1953124999999999
2026-08-05T13:55:55.342309Z  WARN simulate.path: Simulation failed to compute profit (underflow) final_output=782873074788284 input_amount=976562499999999
2026-08-05T13:55:55.342316Z  WARN simulate.path: Simulation failed to compute profit (underflow) final_output=391436537391819 input_amount=488281249999999
2026-08-05T13:55:55.342324Z  WARN simulate.path: Simulation failed to compute profit (underflow) final_output=193658076389103 input_amount=244140624999999
2026-08-05T13:55:55.342331Z  WARN simulate.path: Simulation failed to compute profit (underflow) final_output=94768845890068 input_amount=122070312499999
2026-08-05T13:55:55.342339Z  WARN simulate.path: Simulation failed to compute profit (underflow) final_output=45324230638228 input_amount=61035156249999
2026-08-05T13:55:55.342347Z  WARN simulate.path: Simulation failed to compute profit (underflow) final_output=20601923016954 input_amount=30517578124999
2026-08-05T13:55:55.342354Z  WARN simulate.path: Simulation failed to compute profit (underflow) final_output=8240769203993 input_amount=15258789062499
2026-08-05T13:55:55.342471Z  WARN simulate.path: Simulation failed to compute profit (underflow) final_output=480691543855165227 input_amount=500000000000000000
2026-08-05T13:55:55.342480Z  WARN simulate.path: Simulation failed to compute profit (underflow) final_output=240485649619150094 input_amount=249999999999999999
2026-08-05T13:55:55.342486Z  WARN simulate.path: Simulation failed to compute profit (underflow) final_output=120277484768547520 input_amount=124999999999999999
2026-08-05T13:55:55.342493Z  WARN simulate.path: Simulation failed to compute profit (underflow) final_output=60144931662661701 input_amount=62499999999999999
2026-08-05T13:55:55.342499Z  WARN simulate.path: Simulation failed to compute profit (underflow) final_output=30072465831330850 input_amount=31249999999999999
2026-08-05T13:55:55.342505Z  WARN simulate.path: Simulation failed to compute profit (underflow) final_output=15034995059987837 input_amount=15624999999999999
2026-08-05T13:55:55.342511Z  WARN simulate.path: Simulation failed to compute profit (underflow) final_output=7513783962961153 input_amount=7812499999999999
2026-08-05T13:55:55.342518Z  WARN simulate.path: Simulation failed to compute profit (underflow) final_output=3753178414447811 input_amount=3906249999999999
2026-08-05T13:55:55.342527Z  WARN simulate.path: Simulation failed to compute profit (underflow) final_output=1871637784513552 input_amount=1953124999999999
2026-08-05T13:55:55.342536Z  WARN simulate.path: Simulation failed to compute profit (underflow) final_output=930867469546422 input_amount=976562499999999
2026-08-05T13:55:55.342545Z  WARN simulate.path: Simulation failed to compute profit (underflow) final_output=462958023418034 input_amount=488281249999999
2026-08-05T13:55:55.342554Z  WARN simulate.path: Simulation failed to compute profit (underflow) final_output=227765444676252 input_amount=244140624999999
2026-08-05T13:55:55.342560Z  WARN simulate.path: Simulation failed to compute profit (underflow) final_output=108931299627772 input_amount=122070312499999
2026-08-05T13:55:55.342566Z  WARN simulate.path: Simulation failed to compute profit (underflow) final_output=49514227103533 input_amount=61035156249999
2026-08-05T13:55:55.342572Z  WARN simulate.path: Simulation failed to compute profit (underflow) final_output=19805690841413 input_amount=30517578124999
2026-08-05T13:55:55.342578Z  WARN simulate.path: Simulation failed to compute profit (underflow) final_output=4951422710353 input_amount=15258789062499
2026-08-05T13:55:55.342587Z  WARN simulate.path: Simulation failed to compute profit (underflow) final_output=485432809262643112 input_amount=500000000000000000
2026-08-05T13:55:55.342594Z  WARN simulate.path: Simulation failed to compute profit (underflow) final_output=242859369851039962 input_amount=249999999999999999
2026-08-05T13:55:55.342600Z  WARN simulate.path: Simulation failed to compute profit (underflow) final_output=121463250672758216 input_amount=124999999999999999
2026-08-05T13:55:55.342606Z  WARN simulate.path: Simulation failed to compute profit (underflow) final_output=60736598039673661 input_amount=62499999999999999
2026-08-05T13:55:55.342612Z  WARN simulate.path: Simulation failed to compute profit (underflow) final_output=30368299019836830 input_amount=31249999999999999
2026-08-05T13:55:55.342619Z  WARN simulate.path: Simulation failed to compute profit (underflow) final_output=15181663158271138 input_amount=15624999999999999
2026-08-05T13:55:55.342627Z  WARN simulate.path: Simulation failed to compute profit (underflow) final_output=7588345227488292 input_amount=7812499999999999
2026-08-05T13:55:55.342636Z  WARN simulate.path: Simulation failed to compute profit (underflow) final_output=3791686262096869 input_amount=3906249999999999
2026-08-05T13:55:55.342645Z  WARN simulate.path: Simulation failed to compute profit (underflow) final_output=1892113603577519 input_amount=1953124999999999
2026-08-05T13:55:55.342654Z  WARN simulate.path: Simulation failed to compute profit (underflow) final_output=942327274317844 input_amount=976562499999999
2026-08-05T13:55:55.342662Z  WARN simulate.path: Simulation failed to compute profit (underflow) final_output=467434109688007 input_amount=488281249999999
2026-08-05T13:55:55.342671Z  WARN simulate.path: Simulation failed to compute profit (underflow) final_output=228744351549450 input_amount=244140624999999
2026-08-05T13:55:55.342680Z  WARN simulate.path: Simulation failed to compute profit (underflow) final_output=109399472480171 input_amount=122070312499999
2026-08-05T13:55:55.342686Z  WARN simulate.path: Simulation failed to compute profit (underflow) final_output=49727032945532 input_amount=61035156249999
2026-08-05T13:55:55.342692Z  WARN simulate.path: Simulation failed to compute profit (underflow) final_output=19890813178213 input_amount=30517578124999
2026-08-05T13:55:55.342698Z  WARN simulate.path: Simulation failed to compute profit (underflow) final_output=4972703294553 input_amount=15258789062499
2026-08-05T13:55:55.342712Z  WARN simulate.path: Simulation failed to compute profit (underflow) final_output=395635978663419956 input_amount=500000000000000000
2026-08-05T13:55:55.342721Z  WARN simulate.path: Simulation failed to compute profit (underflow) final_output=206441226119331587 input_amount=249999999999999999
2026-08-05T13:55:55.342730Z  WARN simulate.path: Simulation failed to compute profit (underflow) final_output=109569274129297725 input_amount=124999999999999999
2026-08-05T13:55:55.342738Z  WARN simulate.path: Simulation failed to compute profit (underflow) final_output=57123556584012638 input_amount=62499999999999999
2026-08-05T13:55:55.342746Z  WARN simulate.path: Simulation failed to compute profit (underflow) final_output=29184609692118647 input_amount=31249999999999999
2026-08-05T13:55:55.342754Z  WARN simulate.path: Simulation failed to compute profit (underflow) final_output=14752104252932498 input_amount=15624999999999999
2026-08-05T13:55:55.342764Z  WARN simulate.path: Simulation failed to compute profit (underflow) final_output=7416194642926488 input_amount=7812499999999999
2026-08-05T13:55:55.342774Z  WARN simulate.path: Simulation failed to compute profit (underflow) final_output=3717588132974157 input_amount=3906249999999999
2026-08-05T13:55:55.342785Z  WARN simulate.path: Simulation failed to compute profit (underflow) final_output=1859060129762697 input_amount=1953124999999999
2026-08-05T13:55:55.342795Z  WARN simulate.path: Simulation failed to compute profit (underflow) final_output=927770406002629 input_amount=976562499999999
2026-08-05T13:55:55.342805Z  WARN simulate.path: Simulation failed to compute profit (underflow) final_output=462835374912499 input_amount=488281249999999
2026-08-05T13:55:55.342814Z  WARN simulate.path: Simulation failed to compute profit (underflow) final_output=229023439965703 input_amount=244140624999999
2026-08-05T13:55:55.342822Z  WARN simulate.path: Simulation failed to compute profit (underflow) final_output=112085513283322 input_amount=122070312499999
2026-08-05T13:55:55.342829Z  WARN simulate.path: Simulation failed to compute profit (underflow) final_output=53608557591516 input_amount=61035156249999
2026-08-05T13:55:55.342836Z  WARN simulate.path: Simulation failed to compute profit (underflow) final_output=24368081339304 input_amount=30517578124999
2026-08-05T13:55:55.342843Z  WARN simulate.path: Simulation failed to compute profit (underflow) final_output=9747343571784 input_amount=15258789062499
2026-08-05T13:55:55.342854Z  WARN simulate.path: Simulation failed to compute profit (underflow) final_output=389580291180364246 input_amount=500000000000000000
2026-08-05T13:55:55.342862Z  WARN simulate.path: Simulation failed to compute profit (underflow) final_output=194904582369980162 input_amount=249999999999999999
2026-08-05T13:55:55.342870Z  WARN simulate.path: Simulation failed to compute profit (underflow) final_output=97480154053771254 input_amount=124999999999999999
2026-08-05T13:55:55.342877Z  WARN simulate.path: Simulation failed to compute profit (underflow) final_output=48746047642472529 input_amount=62499999999999999
2026-08-05T13:55:55.342887Z  WARN simulate.path: Simulation failed to compute profit (underflow) final_output=24374018924326745 input_amount=31249999999999999
2026-08-05T13:55:55.342896Z  WARN simulate.path: Simulation failed to compute profit (underflow) final_output=12186014360918997 input_amount=15624999999999999
2026-08-05T13:55:55.342906Z  WARN simulate.path: Simulation failed to compute profit (underflow) final_output=6092012078938133 input_amount=7812499999999999
2026-08-05T13:55:55.342915Z  WARN simulate.path: Simulation failed to compute profit (underflow) final_output=3045010937878454 input_amount=3906249999999999
2026-08-05T13:55:55.342922Z  WARN simulate.path: Simulation failed to compute profit (underflow) final_output=1520515265717618 input_amount=1953124999999999
2026-08-05T13:55:55.342955Z  WARN simulate.path: Simulation failed to compute profit (underflow) final_output=758267429632865 input_amount=976562499999999
2026-08-05T13:55:55.342967Z  WARN simulate.path: Simulation failed to compute profit (underflow) final_output=378138613203097 input_amount=488281249999999
2026-08-05T13:55:55.342975Z  WARN simulate.path: Simulation failed to compute profit (underflow) final_output=187079103374250 input_amount=244140624999999
2026-08-05T13:55:55.342982Z  WARN simulate.path: Simulation failed to compute profit (underflow) final_output=91549348459761 input_amount=122070312499999
2026-08-05T13:55:55.342992Z  WARN simulate.path: Simulation failed to compute profit (underflow) final_output=43784471002499 input_amount=61035156249999
2026-08-05T13:55:55.342999Z  WARN simulate.path: Simulation failed to compute profit (underflow) final_output=19902032273862 input_amount=30517578124999
2026-08-05T13:55:55.343007Z  WARN simulate.path: Simulation failed to compute profit (underflow) final_output=7960812909544 input_amount=15258789062499
2026-08-05T13:55:55.343188Z  WARN simulate.path: Simulation failed to compute profit (underflow) final_output=489603736224087064 input_amount=500000000000000000
2026-08-05T13:55:55.343212Z  WARN simulate.path: Simulation failed to compute profit (underflow) final_output=245170669694938797 input_amount=249999999999999999
2026-08-05T13:55:55.343223Z  WARN simulate.path: Simulation failed to compute profit (underflow) final_output=122735356999555590 input_amount=124999999999999999
2026-08-05T13:55:55.343231Z  WARN simulate.path: Simulation failed to compute profit (underflow) final_output=61386294698390441 input_amount=62499999999999999
2026-08-05T13:55:55.343239Z  WARN simulate.path: Simulation failed to compute profit (underflow) final_output=30693939322907860 input_amount=31249999999999999
2026-08-05T13:55:55.343246Z  WARN simulate.path: Simulation failed to compute profit (underflow) final_output=15344662388914877 input_amount=15624999999999999
2026-08-05T13:55:55.343254Z  WARN simulate.path: Simulation failed to compute profit (underflow) final_output=7667052801140884 input_amount=7812499999999999
2026-08-05T13:55:55.343261Z  WARN simulate.path: Simulation failed to compute profit (underflow) final_output=3832723275906307 input_amount=3906249999999999
2026-08-05T13:55:55.343267Z  WARN simulate.path: Simulation failed to compute profit (underflow) final_output=1912606432648347 input_amount=1953124999999999
2026-08-05T13:55:55.343274Z  WARN simulate.path: Simulation failed to compute profit (underflow) final_output=951285679527365 input_amount=976562499999999
2026-08-05T13:55:55.343281Z  WARN simulate.path: Simulation failed to compute profit (underflow) final_output=471878457387818 input_amount=488281249999999
2026-08-05T13:55:55.343287Z  WARN simulate.path: Simulation failed to compute profit (underflow) final_output=230919392811142 input_amount=244140624999999
2026-08-05T13:55:55.343294Z  WARN simulate.path: Simulation failed to compute profit (underflow) final_output=110439744926474 input_amount=122070312499999
2026-08-05T13:55:55.343301Z  WARN simulate.path: Simulation failed to compute profit (underflow) final_output=50199892085025 input_amount=61035156249999
2026-08-05T13:55:55.343307Z  WARN simulate.path: Simulation failed to compute profit (underflow) final_output=20079958439517 input_amount=30517578124999
2026-08-05T13:55:55.343314Z  WARN simulate.path: Simulation failed to compute profit (underflow) final_output=5019989810567 input_amount=15258789062499
2026-08-05T13:55:55.343336Z  WARN simulate.path: Simulation failed to compute profit (underflow) final_output=486431185095587309 input_amount=500000000000000000
2026-08-05T13:55:55.343345Z  WARN simulate.path: Simulation failed to compute profit (underflow) final_output=243360163236117136 input_amount=249999999999999999
2026-08-05T13:55:55.343352Z  WARN simulate.path: Simulation failed to compute profit (underflow) final_output=121714046985206260 input_amount=124999999999999999
2026-08-05T13:55:55.343359Z  WARN simulate.path: Simulation failed to compute profit (underflow) final_output=60863336955554106 input_amount=62499999999999999
2026-08-05T13:55:55.343366Z  WARN simulate.path: Simulation failed to compute profit (underflow) final_output=30431691166506658 input_amount=31249999999999999
2026-08-05T13:55:55.343373Z  WARN simulate.path: Simulation failed to compute profit (underflow) final_output=15213362159158059 input_amount=15624999999999999
2026-08-05T13:55:55.343379Z  WARN simulate.path: Simulation failed to compute profit (underflow) final_output=7604193399951046 input_amount=7812499999999999
2026-08-05T13:55:55.343386Z  WARN simulate.path: Simulation failed to compute profit (underflow) final_output=3800852505301743 input_amount=3906249999999999
2026-08-05T13:55:55.343393Z  WARN simulate.path: Simulation failed to compute profit (underflow) final_output=1896692694271852 input_amount=1953124999999999
2026-08-05T13:55:55.343399Z  WARN simulate.path: Simulation failed to compute profit (underflow) final_output=943368173121308 input_amount=976562499999999
2026-08-05T13:55:55.343406Z  WARN simulate.path: Simulation failed to compute profit (underflow) final_output=467950444887947 input_amount=488281249999999
2026-08-05T13:55:55.343413Z  WARN simulate.path: Simulation failed to compute profit (underflow) final_output=228997027562368 input_amount=244140624999999
2026-08-05T13:55:55.343420Z  WARN simulate.path: Simulation failed to compute profit (underflow) final_output=109520317850408 input_amount=122070312499999
2026-08-05T13:55:55.343426Z  WARN simulate.path: Simulation failed to compute profit (underflow) final_output=49781962732135 input_amount=61035156249999
2026-08-05T13:55:55.343433Z  WARN simulate.path: Simulation failed to compute profit (underflow) final_output=19912785107426 input_amount=30517578124999
2026-08-05T13:55:55.343440Z  WARN simulate.path: Simulation failed to compute profit (underflow) final_output=4978196278677 input_amount=15258789062499
2026-08-05T13:55:55.343454Z  WARN simulate.path: Simulation failed to compute profit (underflow) final_output=487143918869139181 input_amount=500000000000000000
2026-08-05T13:55:55.343462Z  WARN simulate.path: Simulation failed to compute profit (underflow) final_output=243755813842804314 input_amount=249999999999999999
2026-08-05T13:55:55.343469Z  WARN simulate.path: Simulation failed to compute profit (underflow) final_output=121922017761020105 input_amount=124999999999999999
2026-08-05T13:55:55.343475Z  WARN simulate.path: Simulation failed to compute profit (underflow) final_output=60969853021110209 input_amount=62499999999999999
2026-08-05T13:55:55.343482Z  WARN simulate.path: Simulation failed to compute profit (underflow) final_output=30486825479744184 input_amount=31249999999999999
2026-08-05T13:55:55.343489Z  WARN simulate.path: Simulation failed to compute profit (underflow) final_output=15241076682982559 input_amount=15624999999999999
2026-08-05T13:55:55.343496Z  WARN simulate.path: Simulation failed to compute profit (underflow) final_output=7618080405073370 input_amount=7812499999999999
2026-08-05T13:55:55.343502Z  WARN simulate.path: Simulation failed to compute profit (underflow) final_output=3807801070910192 input_amount=3906249999999999
2026-08-05T13:55:55.343509Z  WARN simulate.path: Simulation failed to compute profit (underflow) final_output=1901404512567860 input_amount=1953124999999999
2026-08-05T13:55:55.343516Z  WARN simulate.path: Simulation failed to compute profit (underflow) final_output=946955047481195 input_amount=976562499999999
2026-08-05T13:55:55.343522Z  WARN simulate.path: Simulation failed to compute profit (underflow) final_output=469729837267524 input_amount=488281249999999
2026-08-05T13:55:55.343529Z  WARN simulate.path: Simulation failed to compute profit (underflow) final_output=229867831253232 input_amount=244140624999999
2026-08-05T13:55:55.343535Z  WARN simulate.path: Simulation failed to compute profit (underflow) final_output=109936798078207 input_amount=122070312499999
2026-08-05T13:55:55.343542Z  WARN simulate.path: Simulation failed to compute profit (underflow) final_output=49971273948723 input_amount=61035156249999
2026-08-05T13:55:55.343549Z  WARN simulate.path: Simulation failed to compute profit (underflow) final_output=19988509998487 input_amount=30517578124999
2026-08-05T13:55:55.343556Z  WARN simulate.path: Simulation failed to compute profit (underflow) final_output=4997127551996 input_amount=15258789062499
2026-08-05T13:55:55.343570Z  WARN simulate.path: Simulation failed to compute profit (underflow) final_output=483997735750402999 input_amount=500000000000000000
2026-08-05T13:55:55.343578Z  WARN simulate.path: Simulation failed to compute profit (underflow) final_output=242166729577544761 input_amount=249999999999999999
2026-08-05T13:55:55.343584Z  WARN simulate.path: Simulation failed to compute profit (underflow) final_output=121123780039934099 input_amount=124999999999999999
2026-08-05T13:55:55.343592Z  WARN simulate.path: Simulation failed to compute profit (underflow) final_output=60571057561756731 input_amount=62499999999999999
2026-08-05T13:55:55.343599Z  WARN simulate.path: Simulation failed to compute profit (underflow) final_output=30285945186141043 input_amount=31249999999999999
2026-08-05T13:55:55.343606Z  WARN simulate.path: Simulation failed to compute profit (underflow) final_output=15140575792716582 input_amount=15624999999999999
2026-08-05T13:55:55.343614Z  WARN simulate.path: Simulation failed to compute profit (underflow) final_output=7567812992884008 input_amount=7812499999999999
2026-08-05T13:55:55.343620Z  WARN simulate.path: Simulation failed to compute profit (underflow) final_output=3781412066952686 input_amount=3906249999999999
2026-08-05T13:55:55.343627Z  WARN simulate.path: Simulation failed to compute profit (underflow) final_output=1888206722453896 input_amount=1953124999999999
2026-08-05T13:55:55.343634Z  WARN simulate.path: Simulation failed to compute profit (underflow) final_output=940352361785884 input_amount=976562499999999
2026-08-05T13:55:55.343640Z  WARN simulate.path: Simulation failed to compute profit (underflow) final_output=467675344117833 input_amount=488281249999999
2026-08-05T13:55:55.343647Z  WARN simulate.path: Simulation failed to compute profit (underflow) final_output=230086290372746 input_amount=244140624999999
2026-08-05T13:55:55.343654Z  WARN simulate.path: Simulation failed to compute profit (underflow) final_output=110041275305782 input_amount=122070312499999
2026-08-05T13:55:55.343660Z  WARN simulate.path: Simulation failed to compute profit (underflow) final_output=50018762865600 input_amount=61035156249999
2026-08-05T13:55:55.343667Z  WARN simulate.path: Simulation failed to compute profit (underflow) final_output=20007505418834 input_amount=30517578124999
2026-08-05T13:55:55.343674Z  WARN simulate.path: Simulation failed to compute profit (underflow) final_output=5001876388783 input_amount=15258789062499
2026-08-05T13:55:55.343711Z  WARN simulate.path: Simulation failed to compute profit (underflow) final_output=62742782207155755 input_amount=124999999999999999
2026-08-05T13:55:55.343721Z  WARN simulate.path: Simulation failed to compute profit (underflow) final_output=31914437951967902 input_amount=62499999999999999
2026-08-05T13:55:55.343727Z  WARN simulate.path: Simulation failed to compute profit (underflow) final_output=16188713319162198 input_amount=31249999999999999
2026-08-05T13:55:55.343733Z  WARN simulate.path: Simulation failed to compute profit (underflow) final_output=8093033619918805 input_amount=15624999999999999
2026-08-05T13:55:55.343739Z  WARN simulate.path: Simulation failed to compute profit (underflow) final_output=4045855290123768 input_amount=7812499999999999
2026-08-05T13:55:55.343745Z  WARN simulate.path: Simulation failed to compute profit (underflow) final_output=2022927645060089 input_amount=3906249999999999
2026-08-05T13:55:55.343751Z  WARN simulate.path: Simulation failed to compute profit (underflow) final_output=1010802302699795 input_amount=1953124999999999
2026-08-05T13:55:55.343757Z  WARN simulate.path: Simulation failed to compute profit (underflow) final_output=504078111680424 input_amount=976562499999999
2026-08-05T13:55:55.343763Z  WARN simulate.path: Simulation failed to compute profit (underflow) final_output=251377536008167 input_amount=488281249999999
2026-08-05T13:55:55.343769Z  WARN simulate.path: Simulation failed to compute profit (underflow) final_output=124365728338200 input_amount=244140624999999
2026-08-05T13:55:55.343775Z  WARN simulate.path: Simulation failed to compute profit (underflow) final_output=60859824505011 input_amount=122070312499999
2026-08-05T13:55:55.343780Z  WARN simulate.path: Simulation failed to compute profit (underflow) final_output=29106872588416 input_amount=61035156249999
2026-08-05T13:55:55.343786Z  WARN simulate.path: Simulation failed to compute profit (underflow) final_output=13230396626529 input_amount=30517578124999
2026-08-05T13:55:55.343792Z  WARN simulate.path: Simulation failed to compute profit (underflow) final_output=5292158649176 input_amount=15258789062499
2026-08-05T13:55:55.343830Z  WARN simulate.path: Simulation failed to compute profit (underflow) final_output=77022666220917617 input_amount=124999999999999999
2026-08-05T13:55:55.343843Z  WARN simulate.path: Simulation failed to compute profit (underflow) final_output=39181828312276623 input_amount=62499999999999999
2026-08-05T13:55:55.343854Z  WARN simulate.path: Simulation failed to compute profit (underflow) final_output=19878988305691421 input_amount=31249999999999999
2026-08-05T13:55:55.343864Z  WARN simulate.path: Simulation failed to compute profit (underflow) final_output=9941792174638812 input_amount=15624999999999999
2026-08-05T13:55:55.343872Z  WARN simulate.path: Simulation failed to compute profit (underflow) final_output=4974006104215094 input_amount=7812499999999999
2026-08-05T13:55:55.343879Z  WARN simulate.path: Simulation failed to compute profit (underflow) final_output=2489301656288051 input_amount=3906249999999999
2026-08-05T13:55:55.343886Z  WARN simulate.path: Simulation failed to compute profit (underflow) final_output=1244423317606554 input_amount=1953124999999999
2026-08-05T13:55:55.343893Z  WARN simulate.path: Simulation failed to compute profit (underflow) final_output=620620714614100 input_amount=976562499999999
2026-08-05T13:55:55.343899Z  WARN simulate.path: Simulation failed to compute profit (underflow) final_output=309495894428022 input_amount=488281249999999
2026-08-05T13:55:55.343905Z  WARN simulate.path: Simulation failed to compute profit (underflow) final_output=153119021451539 input_amount=244140624999999
2026-08-05T13:55:55.343911Z  WARN simulate.path: Simulation failed to compute profit (underflow) final_output=74930584963298 input_amount=122070312499999
2026-08-05T13:55:55.343917Z  WARN simulate.path: Simulation failed to compute profit (underflow) final_output=35836366721385 input_amount=61035156249999
2026-08-05T13:55:55.343924Z  WARN simulate.path: Simulation failed to compute profit (underflow) final_output=16289257593806 input_amount=30517578124999
2026-08-05T13:55:55.343930Z  WARN simulate.path: Simulation failed to compute profit (underflow) final_output=6515703036639 input_amount=15258789062499
2026-08-05T13:55:55.343940Z  WARN simulate.path: Simulation failed to compute profit (underflow) final_output=348279485811206879 input_amount=500000000000000000
2026-08-05T13:55:55.343947Z  WARN simulate.path: Simulation failed to compute profit (underflow) final_output=174242119921385498 input_amount=249999999999999999
2026-08-05T13:55:55.343953Z  WARN simulate.path: Simulation failed to compute profit (underflow) final_output=87145096303528537 input_amount=124999999999999999
2026-08-05T13:55:55.343959Z  WARN simulate.path: Simulation failed to compute profit (underflow) final_output=43576999326363488 input_amount=62499999999999999
2026-08-05T13:55:55.343965Z  WARN simulate.path: Simulation failed to compute profit (underflow) final_output=21787609428261900 input_amount=31249999999999999
2026-08-05T13:55:55.343971Z  WARN simulate.path: Simulation failed to compute profit (underflow) final_output=10891134009371418 input_amount=15624999999999999
2026-08-05T13:55:55.343977Z  WARN simulate.path: Simulation failed to compute profit (underflow) final_output=5444676769765865 input_amount=7812499999999999
2026-08-05T13:55:55.343983Z  WARN simulate.path: Simulation failed to compute profit (underflow) final_output=2720557915043244 input_amount=3906249999999999
2026-08-05T13:55:55.343989Z  WARN simulate.path: Simulation failed to compute profit (underflow) final_output=1358498487681934 input_amount=1953124999999999
2026-08-05T13:55:55.343996Z  WARN simulate.path: Simulation failed to compute profit (underflow) final_output=676578539081435 input_amount=976562499999999
2026-08-05T13:55:55.344007Z  WARN simulate.path: Simulation failed to compute profit (underflow) final_output=336508799701029 input_amount=488281249999999
2026-08-05T13:55:55.344015Z  WARN simulate.path: Simulation failed to compute profit (underflow) final_output=165583695090982 input_amount=244140624999999
2026-08-05T13:55:55.344024Z  WARN simulate.path: Simulation failed to compute profit (underflow) final_output=80121142785959 input_amount=122070312499999
2026-08-05T13:55:55.344032Z  WARN simulate.path: Simulation failed to compute profit (underflow) final_output=37389866633447 input_amount=61035156249999
2026-08-05T13:55:55.344040Z  WARN simulate.path: Simulation failed to compute profit (underflow) final_output=16024228557191 input_amount=30517578124999
2026-08-05T13:55:55.344046Z  WARN simulate.path: Simulation failed to compute profit (underflow) final_output=5341409519063 input_amount=15258789062499
2026-08-05T13:55:55.344087Z  WARN simulate.path: Simulation failed to compute profit (underflow) final_output=489673783790311653 input_amount=500000000000000000
2026-08-05T13:55:55.344110Z  WARN simulate.path: Simulation failed to compute profit (underflow) final_output=245205702344345268 input_amount=249999999999999999
2026-08-05T13:55:55.344120Z  WARN simulate.path: Simulation failed to compute profit (underflow) final_output=122752915700126413 input_amount=124999999999999999
2026-08-05T13:55:55.344128Z  WARN simulate.path: Simulation failed to compute profit (underflow) final_output=61393822266684457 input_amount=62499999999999999
2026-08-05T13:55:55.344136Z  WARN simulate.path: Simulation failed to compute profit (underflow) final_output=30696448914454679 input_amount=31249999999999999
2026-08-05T13:55:55.344144Z  WARN simulate.path: Simulation failed to compute profit (underflow) final_output=15344662388914877 input_amount=15624999999999999
2026-08-05T13:55:55.344155Z  WARN simulate.path: Simulation failed to compute profit (underflow) final_output=7667052801140884 input_amount=7812499999999999
2026-08-05T13:55:55.344165Z  WARN simulate.path: Simulation failed to compute profit (underflow) final_output=3832723275906307 input_amount=3906249999999999
2026-08-05T13:55:55.344174Z  WARN simulate.path: Simulation failed to compute profit (underflow) final_output=1912606432648347 input_amount=1953124999999999
2026-08-05T13:55:55.344184Z  WARN simulate.path: Simulation failed to compute profit (underflow) final_output=951285679527365 input_amount=976562499999999
2026-08-05T13:55:55.344193Z  WARN simulate.path: Simulation failed to compute profit (underflow) final_output=471878457387818 input_amount=488281249999999
2026-08-05T13:55:55.344202Z  WARN simulate.path: Simulation failed to compute profit (underflow) final_output=230919392811142 input_amount=244140624999999
2026-08-05T13:55:55.344211Z  WARN simulate.path: Simulation failed to compute profit (underflow) final_output=110439744926474 input_amount=122070312499999
2026-08-05T13:55:55.344219Z  WARN simulate.path: Simulation failed to compute profit (underflow) final_output=50199892085025 input_amount=61035156249999
2026-08-05T13:55:55.344228Z  WARN simulate.path: Simulation failed to compute profit (underflow) final_output=20079958439517 input_amount=30517578124999
2026-08-05T13:55:55.344235Z  WARN simulate.path: Simulation failed to compute profit (underflow) final_output=5019989810567 input_amount=15258789062499
2026-08-05T13:55:55.344252Z  WARN simulate.path: Simulation failed to compute profit (underflow) final_output=486500878182234628 input_amount=500000000000000000
2026-08-05T13:55:55.344260Z  WARN simulate.path: Simulation failed to compute profit (underflow) final_output=243395010194508374 input_amount=249999999999999999
2026-08-05T13:55:55.344268Z  WARN simulate.path: Simulation failed to compute profit (underflow) final_output=121731470568263666 input_amount=124999999999999999
2026-08-05T13:55:55.344275Z  WARN simulate.path: Simulation failed to compute profit (underflow) final_output=60870804227702344 input_amount=62499999999999999
2026-08-05T13:55:55.344282Z  WARN simulate.path: Simulation failed to compute profit (underflow) final_output=30434180260934590 input_amount=31249999999999999
2026-08-05T13:55:55.344289Z  WARN simulate.path: Simulation failed to compute profit (underflow) final_output=15213362159158059 input_amount=15624999999999999
2026-08-05T13:55:55.344296Z  WARN simulate.path: Simulation failed to compute profit (underflow) final_output=7604193399951046 input_amount=7812499999999999
2026-08-05T13:55:55.344303Z  WARN simulate.path: Simulation failed to compute profit (underflow) final_output=3800852505301743 input_amount=3906249999999999
2026-08-05T13:55:55.344310Z  WARN simulate.path: Simulation failed to compute profit (underflow) final_output=1896692694271852 input_amount=1953124999999999
2026-08-05T13:55:55.344317Z  WARN simulate.path: Simulation failed to compute profit (underflow) final_output=943368173121308 input_amount=976562499999999
2026-08-05T13:55:55.344324Z  WARN simulate.path: Simulation failed to compute profit (underflow) final_output=467950444887947 input_amount=488281249999999
2026-08-05T13:55:55.344331Z  WARN simulate.path: Simulation failed to compute profit (underflow) final_output=228997027562368 input_amount=244140624999999
2026-08-05T13:55:55.344338Z  WARN simulate.path: Simulation failed to compute profit (underflow) final_output=109520317850408 input_amount=122070312499999
2026-08-05T13:55:55.344345Z  WARN simulate.path: Simulation failed to compute profit (underflow) final_output=49781962732135 input_amount=61035156249999
2026-08-05T13:55:55.344352Z  WARN simulate.path: Simulation failed to compute profit (underflow) final_output=19912785107426 input_amount=30517578124999
2026-08-05T13:55:55.344359Z  WARN simulate.path: Simulation failed to compute profit (underflow) final_output=4978196278677 input_amount=15258789062499
2026-08-05T13:55:55.344372Z  WARN simulate.path: Simulation failed to compute profit (underflow) final_output=487213831006158848 input_amount=500000000000000000
2026-08-05T13:55:55.344380Z  WARN simulate.path: Simulation failed to compute profit (underflow) final_output=243790781813546504 input_amount=249999999999999999
2026-08-05T13:55:55.344387Z  WARN simulate.path: Simulation failed to compute profit (underflow) final_output=121939504725746491 input_amount=124999999999999999
2026-08-05T13:55:55.344394Z  WARN simulate.path: Simulation failed to compute profit (underflow) final_output=60977348073414616 input_amount=62499999999999999
2026-08-05T13:55:55.344401Z  WARN simulate.path: Simulation failed to compute profit (underflow) final_output=30489323937015028 input_amount=31249999999999999
2026-08-05T13:55:55.344408Z  WARN simulate.path: Simulation failed to compute profit (underflow) final_output=15241076682982559 input_amount=15624999999999999
2026-08-05T13:55:55.344415Z  WARN simulate.path: Simulation failed to compute profit (underflow) final_output=7618080405073370 input_amount=7812499999999999
2026-08-05T13:55:55.344422Z  WARN simulate.path: Simulation failed to compute profit (underflow) final_output=3807801070910192 input_amount=3906249999999999
2026-08-05T13:55:55.344429Z  WARN simulate.path: Simulation failed to compute profit (underflow) final_output=1901404512567860 input_amount=1953124999999999
2026-08-05T13:55:55.344436Z  WARN simulate.path: Simulation failed to compute profit (underflow) final_output=946955047481195 input_amount=976562499999999
2026-08-05T13:55:55.344443Z  WARN simulate.path: Simulation failed to compute profit (underflow) final_output=469729837267524 input_amount=488281249999999
2026-08-05T13:55:55.344450Z  WARN simulate.path: Simulation failed to compute profit (underflow) final_output=229867831253232 input_amount=244140624999999
2026-08-05T13:55:55.344457Z  WARN simulate.path: Simulation failed to compute profit (underflow) final_output=109936798078207 input_amount=122070312499999
2026-08-05T13:55:55.344464Z  WARN simulate.path: Simulation failed to compute profit (underflow) final_output=49971273948723 input_amount=61035156249999
2026-08-05T13:55:55.344471Z  WARN simulate.path: Simulation failed to compute profit (underflow) final_output=19988509998487 input_amount=30517578124999
2026-08-05T13:55:55.344478Z  WARN simulate.path: Simulation failed to compute profit (underflow) final_output=4997127551996 input_amount=15258789062499
2026-08-05T13:55:55.344489Z  WARN simulate.path: Simulation failed to compute profit (underflow) final_output=484067731247849547 input_amount=500000000000000000
2026-08-05T13:55:55.344497Z  WARN simulate.path: Simulation failed to compute profit (underflow) final_output=242201735013548237 input_amount=249999999999999999
2026-08-05T13:55:55.344505Z  WARN simulate.path: Simulation failed to compute profit (underflow) final_output=121141284681939912 input_amount=124999999999999999
2026-08-05T13:55:55.344512Z  WARN simulate.path: Simulation failed to compute profit (underflow) final_output=60578559963708503 input_amount=62499999999999999
2026-08-05T13:55:55.344519Z  WARN simulate.path: Simulation failed to compute profit (underflow) final_output=30288446055566375 input_amount=31249999999999999
2026-08-05T13:55:55.344526Z  WARN simulate.path: Simulation failed to compute profit (underflow) final_output=15140575792716582 input_amount=15624999999999999
2026-08-05T13:55:55.344533Z  WARN simulate.path: Simulation failed to compute profit (underflow) final_output=7567812992884008 input_amount=7812499999999999
2026-08-05T13:55:55.344540Z  WARN simulate.path: Simulation failed to compute profit (underflow) final_output=3781412066952686 input_amount=3906249999999999
2026-08-05T13:55:55.344547Z  WARN simulate.path: Simulation failed to compute profit (underflow) final_output=1888206722453896 input_amount=1953124999999999
2026-08-05T13:55:55.344554Z  WARN simulate.path: Simulation failed to compute profit (underflow) final_output=940352361785884 input_amount=976562499999999
2026-08-05T13:55:55.344561Z  WARN simulate.path: Simulation failed to compute profit (underflow) final_output=467675344117833 input_amount=488281249999999
2026-08-05T13:55:55.344568Z  WARN simulate.path: Simulation failed to compute profit (underflow) final_output=230086290372746 input_amount=244140624999999
2026-08-05T13:55:55.344575Z  WARN simulate.path: Simulation failed to compute profit (underflow) final_output=110041275305782 input_amount=122070312499999
2026-08-05T13:55:55.344582Z  WARN simulate.path: Simulation failed to compute profit (underflow) final_output=50018762865600 input_amount=61035156249999
2026-08-05T13:55:55.344589Z  WARN simulate.path: Simulation failed to compute profit (underflow) final_output=20007505418834 input_amount=30517578124999
2026-08-05T13:55:55.344596Z  WARN simulate.path: Simulation failed to compute profit (underflow) final_output=5001876388783 input_amount=15258789062499
2026-08-05T13:55:55.344608Z  WARN simulate.path: Simulation failed to compute profit (underflow) final_output=464120982330520497 input_amount=500000000000000000
2026-08-05T13:55:55.344616Z  WARN simulate.path: Simulation failed to compute profit (underflow) final_output=232314765005315443 input_amount=249999999999999999
2026-08-05T13:55:55.344623Z  WARN simulate.path: Simulation failed to compute profit (underflow) final_output=116246498675907059 input_amount=124999999999999999
2026-08-05T13:55:55.344630Z  WARN simulate.path: Simulation failed to compute profit (underflow) final_output=58132804564100004 input_amount=62499999999999999
2026-08-05T13:55:55.344636Z  WARN simulate.path: Simulation failed to compute profit (underflow) final_output=29067590654520150 input_amount=31249999999999999
2026-08-05T13:55:55.344643Z  WARN simulate.path: Simulation failed to compute profit (underflow) final_output=14531418582310011 input_amount=15624999999999999
2026-08-05T13:55:55.344650Z  WARN simulate.path: Simulation failed to compute profit (underflow) final_output=7265709291152563 input_amount=7812499999999999
2026-08-05T13:55:55.344657Z  WARN simulate.path: Simulation failed to compute profit (underflow) final_output=3631666273103691 input_amount=3906249999999999
2026-08-05T13:55:55.344663Z  WARN simulate.path: Simulation failed to compute profit (underflow) final_output=1813456391609108 input_amount=1953124999999999
2026-08-05T13:55:55.344670Z  WARN simulate.path: Simulation failed to compute profit (underflow) final_output=905539823327080 input_amount=976562499999999
2026-08-05T13:55:55.344676Z  WARN simulate.path: Simulation failed to compute profit (underflow) final_output=451581539188508 input_amount=488281249999999
2026-08-05T13:55:55.344683Z  WARN simulate.path: Simulation failed to compute profit (underflow) final_output=223414024651516 input_amount=244140624999999
2026-08-05T13:55:55.344689Z  WARN simulate.path: Simulation failed to compute profit (underflow) final_output=109330267380578 input_amount=122070312499999
2026-08-05T13:55:55.344695Z  WARN simulate.path: Simulation failed to compute profit (underflow) final_output=52288388745109 input_amount=61035156249999
2026-08-05T13:55:55.344701Z  WARN simulate.path: Simulation failed to compute profit (underflow) final_output=23767449427375 input_amount=30517578124999
2026-08-05T13:55:55.344707Z  WARN simulate.path: Simulation failed to compute profit (underflow) final_output=9506979766065 input_amount=15258789062499
2026-08-05T13:55:55.344718Z  WARN simulate.path: Simulation failed to compute profit (underflow) final_output=478577464307381461 input_amount=500000000000000000
2026-08-05T13:55:55.344725Z  WARN simulate.path: Simulation failed to compute profit (underflow) final_output=239450630319689320 input_amount=249999999999999999
2026-08-05T13:55:55.344732Z  WARN simulate.path: Simulation failed to compute profit (underflow) final_output=119763657288677391 input_amount=124999999999999999
2026-08-05T13:55:55.344738Z  WARN simulate.path: Simulation failed to compute profit (underflow) final_output=59891721434537689 input_amount=62499999999999999
2026-08-05T13:55:55.344745Z  WARN simulate.path: Simulation failed to compute profit (underflow) final_output=29947415821076222 input_amount=31249999999999999
2026-08-05T13:55:55.344751Z  WARN simulate.path: Simulation failed to compute profit (underflow) final_output=14971341927526853 input_amount=15624999999999999
2026-08-05T13:55:55.344757Z  WARN simulate.path: Simulation failed to compute profit (underflow) final_output=7485691632634951 input_amount=7812499999999999
2026-08-05T13:55:55.344763Z  WARN simulate.path: Simulation failed to compute profit (underflow) final_output=3741626630984539 input_amount=3906249999999999
2026-08-05T13:55:55.344770Z  WARN simulate.path: Simulation failed to compute profit (underflow) final_output=1868365897928856 input_amount=1953124999999999
2026-08-05T13:55:55.344776Z  WARN simulate.path: Simulation failed to compute profit (underflow) final_output=932958915747587 input_amount=976562499999999
2026-08-05T13:55:55.344782Z  WARN simulate.path: Simulation failed to compute profit (underflow) final_output=465255182600310 input_amount=488281249999999
2026-08-05T13:55:55.344788Z  WARN simulate.path: Simulation failed to compute profit (underflow) final_output=230178899770565 input_amount=244140624999999
2026-08-05T13:55:55.344794Z  WARN simulate.path: Simulation failed to compute profit (underflow) final_output=112640743068309 input_amount=122070312499999
2026-08-05T13:55:55.344801Z  WARN simulate.path: Simulation failed to compute profit (underflow) final_output=53871660892796 input_amount=61035156249999
2026-08-05T13:55:55.344807Z  WARN simulate.path: Simulation failed to compute profit (underflow) final_output=24487118847039 input_amount=30517578124999
2026-08-05T13:55:55.344813Z  WARN simulate.path: Simulation failed to compute profit (underflow) final_output=9794847587834 input_amount=15258789062499
2026-08-05T13:55:55.344865Z  INFO service.block_loop: merged-graph discovery complete stage="discovery" block=98903880 opportunities=0
2026-08-05T13:55:55.344881Z  INFO service.block_loop: multi-protocol block progress block=98903880 opportunities=0 attempts=0 blocks_processed=24
2026-08-05T13:55:55.345038Z  INFO service.block_loop: shutdown signal received signal="SIGTERM"
2026-08-05T13:55:55.345048Z  INFO service.block_loop: shutdown signal; ending multi-protocol watch loop blocks=24 heads=27 halted_or_skipped=3
2026-08-05T13:55:55.345053Z  INFO bot.live: multi-protocol --watch loop exited cleanly head_source="http-poll" blocks_processed=24 opportunities_found=0 attempts=0 block_subscriptions=1 halted_or_skipped=3 heads_observed=27 cold_start_rebaselines=0 mid_run_rebaselines=23 http_tip_timeouts=0 pin_skips=0 skip_ratio_warnings=0
2026-08-05T13:55:55.346556Z  INFO alloy_pubsub::service: Pubsub service request channel closed. Shutting down.
