measuring at chain_id=5000 block=101165208 block_hash=0xa915e1b87da99988c368e479e652abf03e92dfb0a12d24f9fd04644374a6e5c1 executor_code_hash=0x50f51b776f893c4c86573ec5d669a1be3e84b3eef9817960376ba59ace2826ef
provenance: {"git_head":"621f40b155d51a5ad5ea19104ad9e27bc14fee5f","git_dirty":false,"started_at_unix":1790465725,"chain_id":5000,"block_number":101165208,"block_hash":"0xa915e1b87da99988c368e479e652abf03e92dfb0a12d24f9fd04644374a6e5c1","executor_code_hash":"0x50f51b776f893c4c86573ec5d669a1be3e84b3eef9817960376ba59ace2826ef","rpc_url_class":"https://rpc.mantle.xyz","measure_rpc_url_class":"http://127.0.0.1:8547","rpc_timeout_secs":120,"cycles_per_topology":25,"resume":false,"campaign_finalize":false,"dry_run":false,"campaign_tag":"[whi-1520-c]","universe":"evidence/gas/whi-1520/measurement-only/pool_universe.measurement-only.csv","campaign_require_factory":"0x5bef015ca9424a7c07b68490616a4c1f094bedec","campaign_topologies":["v2+v2","v2+moe"]}
campaign: --campaign-require-factory 0x5bef015ca9424a7c07b68490616a4c1f094bedec keeps 332 of 1112 executable cycles
campaign: 4 executable cycles over 2 topologies (46 non-Agni V3 pools excluded: no agniSwapCallback)
syncing 3 v2 / 0 v3 / 2 moe pools at block 101165208
v2+moe 10mWMNT v2_boost -> h2:v2+moe:bins=4-10 success
v2+moe 30mWMNT v2_boost -> h2:v2+moe:bins=4-10 success
v2+moe 100mWMNT v2_boost -> h2:v2+moe:bins=11+ success
v2+v2 10mWMNT v2_boost -> h2:v2+v2 success
v2+v2 30mWMNT v2_boost -> h2:v2+v2 success
v2+v2 100mWMNT v2_boost -> h2:v2+v2 success
v2+v2 300mWMNT v2_boost -> h2:v2+v2 reverted: server returned an error response: error code 3: execution reverted: FusionX: INSUFFICIENT_LIQUIDITY, data: "0
v2+v2 1000mWMNT v2_boost -> h2:v2+v2 reverted: server returned an error response: error code 3: execution reverted: FusionX: INSUFFICIENT_LIQUIDITY, data: "0
v2+v2 10mWMNT v2_boost -> h2:v2+v2 success
v2+v2 30mWMNT v2_boost -> h2:v2+v2 success
v2+v2 100mWMNT v2_boost -> h2:v2+v2 success
v2+v2 300mWMNT v2_boost -> h2:v2+v2 success
v2+v2 1000mWMNT v2_boost -> h2:v2+v2 success
campaign measurement: measured=48 reused=0 unfinished=0 {}
campaign samples=13 (success=11) artifact profiles=307 approved=5 content_digest=0xca02790ca9faa75b79199111506a888b52f3f3695c6e21cae18f398a20c85c03
  approved h3:v2+v2+v2
  approved h2:v2+v3:ticks=0
  approved h3:v2+moe+moe:bins=0
  approved h3:moe+v2+v2:bins=0
  approved h3:moe+moe+v2:bins=0
wrote config/gas_profiles/pinned/samples.jsonl / config/gas_profiles/pinned/generator_config.json / config/gas_profiles/mantle_mainnet_v1.json
